../Core/Src/main.c:160:5:main	8	static
../Core/Src/main.c:280:6:SystemClock_Config	88	static
../Core/Src/main.c:328:13:MX_SPI1_Init	8	static
../Core/Src/main.c:366:13:MX_TIM5_Init	32	static
../Core/Src/main.c:411:13:MX_TIM11_Init	8	static
../Core/Src/main.c:442:13:MX_USART2_UART_Init	8	static
../Core/Src/main.c:475:13:MX_GPIO_Init	48	static
../Core/Src/main.c:528:6:StartDefaultTask	16	static
../Core/Src/main.c:547:6:HAL_TIM_PeriodElapsedCallback	16	static
../Core/Src/main.c:564:6:Error_Handler	4	static,ignoring_inline_asm
